// Jest Snapshot v1, https://goo.gl/fbAQLP

exports[`Pruebas en el componente <GifExpertApp /> Debe mostrar el componente correctamente 1`] = `
<Fragment>
  <h1>
    GifExpertApp
  </h1>
  <AddCategory
    setCategories={[Function]}
  />
  <hr />
  <ol />
</Fragment>
`;

exports[`Pruebas en el componente <GifExpertApp /> Debe mostrar una lista de categor√≠as 1`] = `
<Fragment>
  <h1>
    GifExpertApp
  </h1>
  <AddCategory
    setCategories={[Function]}
  />
  <hr />
  <ol>
    <GifGrid
      category="One Punch Man"
      key="One Punch Man"
    />
    <GifGrid
      category="Demon Slayer"
      key="Demon Slayer"
    />
  </ol>
</Fragment>
`;
